
Discarded input sections

 .text          0x0000000000000000        0x0 blinky.o
 .data          0x0000000000000000        0x0 blinky.o
 .bss           0x0000000000000000        0x0 blinky.o
 .text          0x0000000000000000        0x0 startup_gcc.o
 .data          0x0000000000000000        0x0 startup_gcc.o

Memory Configuration

Name             Origin             Length             Attributes
FLASH            0x0000000000000000 0x0000000000040000 xr
SRAM             0x0000000020000000 0x0000000000010000 xrw
*default*        0x0000000000000000 0xffffffffffffffff

Linker script and memory map

LOAD blinky.o
LOAD startup_gcc.o

.text           0x0000000000000000      0x1d2
                0x0000000000000000                _text = .
 *(.isr_vector)
 .isr_vector    0x0000000000000000       0xf0 startup_gcc.o
                0x0000000000000000                g_pfnVectors
 *(.text*)
 .text.main     0x00000000000000f0       0x74 blinky.o
                0x00000000000000f0                main
 .text.ResetISR
                0x0000000000000164       0x5c startup_gcc.o
                0x0000000000000164                ResetISR
 .text.NmiSR    0x00000000000001c0        0x6 startup_gcc.o
 .text.FaultISR
                0x00000000000001c6        0x6 startup_gcc.o
 .text.IntDefaultHandler
                0x00000000000001cc        0x6 startup_gcc.o
 *(.rodata*)
                0x00000000000001d2                _etext = .

.glue_7         0x00000000000001d4        0x0
 .glue_7        0x00000000000001d4        0x0 linker stubs

.glue_7t        0x00000000000001d4        0x0
 .glue_7t       0x00000000000001d4        0x0 linker stubs

.vfp11_veneer   0x00000000000001d4        0x0
 .vfp11_veneer  0x00000000000001d4        0x0 linker stubs

.v4_bx          0x00000000000001d4        0x0
 .v4_bx         0x00000000000001d4        0x0 linker stubs

.iplt           0x00000000000001d4        0x0
 .iplt          0x00000000000001d4        0x0 startup_gcc.o

.rel.dyn        0x00000000000001d4        0x0
 .rel.iplt      0x00000000000001d4        0x0 startup_gcc.o

.data           0x0000000020000000        0x0 load address 0x00000000000001d2
                0x0000000020000000                _data = .
 *(vtable)
 *(.data*)
                0x0000000020000000                _edata = .

.igot.plt       0x0000000020000000        0x0
 .igot.plt      0x0000000020000000        0x0 startup_gcc.o

.bss            0x0000000020000000      0x100
                0x0000000020000000                _bss = .
 *(.bss*)
 .bss           0x0000000020000000      0x100 startup_gcc.o
 *(COMMON)
                0x0000000020000100                _ebss = .
OUTPUT(blinky.elf elf32-littlearm)
LOAD linker stubs

.debug_info     0x0000000000000000      0x181
 .debug_info    0x0000000000000000       0x63 blinky.o
 .debug_info    0x0000000000000063      0x11e startup_gcc.o

.debug_abbrev   0x0000000000000000      0x113
 .debug_abbrev  0x0000000000000000       0x60 blinky.o
 .debug_abbrev  0x0000000000000060       0xb3 startup_gcc.o

.debug_aranges  0x0000000000000000       0x58
 .debug_aranges
                0x0000000000000000       0x20 blinky.o
 .debug_aranges
                0x0000000000000020       0x38 startup_gcc.o

.debug_ranges   0x0000000000000000       0x38
 .debug_ranges  0x0000000000000000       0x10 blinky.o
 .debug_ranges  0x0000000000000010       0x28 startup_gcc.o

.debug_line     0x0000000000000000      0x143
 .debug_line    0x0000000000000000       0x95 blinky.o
 .debug_line    0x0000000000000095       0xae startup_gcc.o

.debug_str      0x0000000000000000      0x160
 .debug_str     0x0000000000000000       0xef blinky.o
 .debug_str     0x00000000000000ef       0x71 startup_gcc.o
                                        0x158 (size before relaxing)

.comment        0x0000000000000000       0x49
 .comment       0x0000000000000000       0x49 blinky.o
                                         0x4a (size before relaxing)
 .comment       0x0000000000000049       0x4a startup_gcc.o

.ARM.attributes
                0x0000000000000000       0x2d
 .ARM.attributes
                0x0000000000000000       0x2d blinky.o
 .ARM.attributes
                0x000000000000002d       0x2d startup_gcc.o

.debug_frame    0x0000000000000000       0xa8
 .debug_frame   0x0000000000000000       0x2c blinky.o
 .debug_frame   0x000000000000002c       0x7c startup_gcc.o
