
Discarded input sections

 .text          0x0000000000000000        0x0 startup_gcc.o
 .data          0x0000000000000000        0x0 startup_gcc.o
 .text          0x0000000000000000        0x0 blinky.o
 .data          0x0000000000000000        0x0 blinky.o
 .bss           0x0000000000000000        0x0 blinky.o

Memory Configuration

Name             Origin             Length             Attributes
FLASH            0x0000000000000000 0x0000000000080000 xr
SRAM             0x0000000020000000 0x0000000000018000 xrw
*default*        0x0000000000000000 0xffffffffffffffff

Linker script and memory map

LOAD startup_gcc.o
LOAD blinky.o

.text           0x0000000000000000      0x204
                0x0000000000000000                _text = .
 *(.isr_vector)
 .isr_vector    0x0000000000000000      0x11c startup_gcc.o
                0x0000000000000000                g_pfnVectors
 *(.text*)
 .text.ResetISR
                0x000000000000011c       0x5c startup_gcc.o
                0x000000000000011c                ResetISR
 .text.NmiSR    0x0000000000000178        0x6 startup_gcc.o
 .text.FaultISR
                0x000000000000017e        0x6 startup_gcc.o
 .text.IntDefaultHandler
                0x0000000000000184        0x6 startup_gcc.o
 .text.delay    0x000000000000018a       0x22 blinky.o
                0x000000000000018a                delay
 .text.main     0x00000000000001ac       0x58 blinky.o
                0x00000000000001ac                main
 *(.rodata*)
                0x0000000000000204                _etext = .

.glue_7         0x0000000000000204        0x0
 .glue_7        0x0000000000000204        0x0 linker stubs

.glue_7t        0x0000000000000204        0x0
 .glue_7t       0x0000000000000204        0x0 linker stubs

.vfp11_veneer   0x0000000000000204        0x0
 .vfp11_veneer  0x0000000000000204        0x0 linker stubs

.v4_bx          0x0000000000000204        0x0
 .v4_bx         0x0000000000000204        0x0 linker stubs

.iplt           0x0000000000000204        0x0
 .iplt          0x0000000000000204        0x0 startup_gcc.o

.rel.dyn        0x0000000000000204        0x0
 .rel.iplt      0x0000000000000204        0x0 startup_gcc.o

.data           0x0000000020000000        0x0 load address 0x0000000000000204
                0x0000000020000000                _data = .
 *(vtable)
 *(.data*)
                0x0000000020000000                _edata = .

.igot.plt       0x0000000020000000        0x0
 .igot.plt      0x0000000020000000        0x0 startup_gcc.o

.bss            0x0000000020000000      0x100
                0x0000000020000000                _bss = .
 *(.bss*)
 .bss           0x0000000020000000      0x100 startup_gcc.o
 *(COMMON)
                0x0000000020000100                _ebss = .
OUTPUT(blinky.elf elf32-littlearm)
LOAD linker stubs

.debug_info     0x0000000000000000      0x18c
 .debug_info    0x0000000000000000      0x11e startup_gcc.o
 .debug_info    0x000000000000011e       0x6e blinky.o

.debug_abbrev   0x0000000000000000      0x126
 .debug_abbrev  0x0000000000000000       0xb3 startup_gcc.o
 .debug_abbrev  0x00000000000000b3       0x73 blinky.o

.debug_aranges  0x0000000000000000       0x60
 .debug_aranges
                0x0000000000000000       0x38 startup_gcc.o
 .debug_aranges
                0x0000000000000038       0x28 blinky.o

.debug_ranges   0x0000000000000000       0x40
 .debug_ranges  0x0000000000000000       0x28 startup_gcc.o
 .debug_ranges  0x0000000000000028       0x18 blinky.o

.debug_line     0x0000000000000000      0x142
 .debug_line    0x0000000000000000       0xae startup_gcc.o
 .debug_line    0x00000000000000ae       0x94 blinky.o

.debug_str      0x0000000000000000      0x15f
 .debug_str     0x0000000000000000      0x14b startup_gcc.o
                                        0x158 (size before relaxing)
 .debug_str     0x000000000000014b       0x14 blinky.o
                                         0xee (size before relaxing)

.comment        0x0000000000000000       0x49
 .comment       0x0000000000000000       0x49 startup_gcc.o
                                         0x4a (size before relaxing)
 .comment       0x0000000000000049       0x4a blinky.o

.ARM.attributes
                0x0000000000000000       0x2d
 .ARM.attributes
                0x0000000000000000       0x2d startup_gcc.o
 .ARM.attributes
                0x000000000000002d       0x2d blinky.o

.debug_frame    0x0000000000000000       0xd0
 .debug_frame   0x0000000000000000       0x7c startup_gcc.o
 .debug_frame   0x000000000000007c       0x54 blinky.o
